Hi there
function add(a,b) {return a+b}
{"a":1,"b":2,"c":{"d":3}}
